Loading file: generated/test148.tm
0 
1 
1 
Hi
Number of instructions executed = 69
