Loading file: generated/test17.tm
0 
1 
Number of instructions executed = 15
