Loading file: generated/test43.tm
32 
16 
0 
Number of instructions executed = 206
