Loading file: generated/test88.tm
1 
Number of instructions executed = 18
