Loading file: generated/test12.tm
0 
1 
Number of instructions executed = 31
