Loading file: generated/test115.tm
outer
outer
Number of instructions executed = 180
