Loading file: generated/test32.tm
2 
-2 
-2 
2 
0 
Number of instructions executed = 78
