Loading file: generated/test138.tm
1 
1 
Number of instructions executed = 47
