Loading file: generated/test109.tm
0 
Number of instructions executed = 32
