Loading file: generated/test8.tm
3 
Number of instructions executed = 16
