Loading file: generated/test129.tm
0 
1 
2 
Number of instructions executed = 139
