Loading file: generated/test52.tm
2 
3 
4 
Number of instructions executed = 21
