Loading file: generated/test147.tm
8 
1 
Number of instructions executed = 62
