Loading file: generated/test19.tm
0 
1 
0 
0 
Number of instructions executed = 45
