Loading file: generated/test34.tm
0 
1 
1 
0 
Hi
There
Number of instructions executed = 122
