Loading file: generated/test117.tm
0 
1 
2 
3 
4 
6 
Number of instructions executed = 307
