Loading file: generated/test72.tm
Arrays bounds violation
Number of instructions executed = 164
