line 9: proc foo has already defined in the current scope