Loading file: generated/test122.tm
7 
Number of instructions executed = 48
