Loading file: generated/test20.tm
1 
0 
Number of instructions executed = 33
