Loading file: generated/test99.tm
first
second
Number of instructions executed = 83
