Loading file: generated/test104.tm
0 
1 
2 
3 
after break
Number of instructions executed = 218
