Loading file: generated/test255.tm
What Fibonacci number to computer? Enter integer value: Fibonacci of 30  is 832040 
Number of instructions executed = 165591391
