Loading file: generated/test6.tm
-1 
Number of instructions executed = 16
