Loading file: generated/test305.tm
Out of stack space 7
Number of instructions executed = 716
