Loading file: generated/test110.tm
0  0 
0  1 
after break
Number of instructions executed = 186
