Loading file: generated/test16.tm
1 
0 
Number of instructions executed = 33
