line 7: proc foo has already defined in the current scope