Loading file: generated/test21.tm
0 
1 
Number of instructions executed = 31
