Loading file: generated/test149.tm
20 
0 
Number of instructions executed = 58
