Loading file: generated/test58.tm
1 
2 
3 
4 
5 
6 
11 
Number of instructions executed = 266
