Loading file: generated/test98.tm
first
second
Number of instructions executed = 82
