Loading file: generated/test141.tm
b
a
b
a
b
a
b
a
b
a
a
b
a
b
a
b
a
b
a
b
a
Number of instructions executed = 1084
