Loading file: generated/test90.tm
0 
0 
1 
Number of instructions executed = 68
