Loading file: generated/test79.tm
Number of instructions executed = 4
