Loading file: generated/test254.tm
What number to you want to compute the factorial of? Enter integer value: Factorial of 12  is 479001600 
Number of instructions executed = 927
