Loading file: generated/test84.tm
1 
0 
0 
Number of instructions executed = 60
