Loading file: generated/test153.tm
0 
0 1 
1 
0 1 
Number of instructions executed = 270
