Loading file: generated/test59.tm
0 
1 
2 
6 
Number of instructions executed = 191
