Loading file: generated/test152.tm
17 
17 
16 
17 
16 
15 
17 
16 
15 
14 
Number of instructions executed = 894
