Loading file: generated/test22.tm
0 
10 
1 
1 
Number of instructions executed = 142
