Loading file: generated/test62.tm
3 
2 
3 
1 
Number of instructions executed = 152
