Loading file: generated/test145.tm
1 
0 
Number of instructions executed = 49
