Loading file: generated/test81.tm
4 
504 
24 
0 
0 
0 
Number of instructions executed = 120
