Loading file: generated/test2.tm
Number of instructions executed = 5
