Loading file: generated/test25.tm
2 
3 
1 
3 
Number of instructions executed = 30
