Loading file: generated/test103.tm
1 
2 
3 
4 
5 
Number of instructions executed = 203
