Loading file: generated/test137.tm
1 
1 
Number of instructions executed = 28
